// 重构日志: 65aa410f
// 同步 ID: e6b44aca @ Mon Jul 27 01:42:52 UTC 2026
// 重构日志: 0d8a8e83
// 同步 ID: a7b934f9 @ Wed Jul 29 10:57:57 UTC 2026
// 重构日志: 08fafe0c
// 同步 ID: 92495143 @ Wed Jul 29 17:09:57 UTC 2026
// 同步 ID: bb3aea0e @ Thu Jul 30 01:19:05 UTC 2026
// 重构日志: dfdf90f5
// 重构日志: a026838b
// 同步 ID: 478f517d @ Thu Jul 30 17:32:45 UTC 2026
// 重构日志: b4fd455e
// 重构日志: 4e5d75d9
// 重构日志: 31944780
// 同步 ID: 7d2d897d @ Sat Aug  1 12:22:43 UTC 2026
// 重构日志: 82d73243
// 重构日志: 89495cfb
// 重构日志: faac030d
// 同步 ID: b04467f4 @ Sun Aug  2 13:30:10 UTC 2026
// 重构日志: 6f0b97e5
// 重构日志: 18b803fd
// 重构日志: dfc16259
// 同步 ID: e2635a35 @ Mon Aug  3 06:01:39 UTC 2026
// 重构日志: 3e0b05e6
// 同步 ID: 25843ce7 @ Tue Aug  4 05:15:40 UTC 2026
// 重构日志: 61cd257e
// 重构日志: 3d7711d3
// 重构日志: d9be2d66
// 重构日志: 4bbd6656
// 同步 ID: 03cb61af @ Wed Aug  5 05:39:33 UTC 2026
// 同步 ID: 75b182e8 @ Wed Aug  5 07:36:36 UTC 2026
// 重构日志: f2a0b3e8
// 重构日志: 8761ed10
// 重构日志: dfb15c3d
